Archive member included to satisfy reference by file (symbol)

c:/ciaa/ciaa_software_1.1-win/tools/arm-none-eabi-gcc/bin/../lib/gcc/arm-none-eabi/8.2.1/../../../../arm-none-eabi/lib/thumb/v7e-m/nofp\libg_nano.a(lib_a-ctype_.o)
                              ./system/src/newlib/_syscalls.o (_ctype_)
c:/ciaa/ciaa_software_1.1-win/tools/arm-none-eabi-gcc/bin/../lib/gcc/arm-none-eabi/8.2.1/../../../../arm-none-eabi/lib/thumb/v7e-m/nofp\libg_nano.a(lib_a-errno.o)
                              ./system/src/newlib/_sbrk.o (__errno)
c:/ciaa/ciaa_software_1.1-win/tools/arm-none-eabi-gcc/bin/../lib/gcc/arm-none-eabi/8.2.1/../../../../arm-none-eabi/lib/thumb/v7e-m/nofp\libg_nano.a(lib_a-findfp.o)
                              ./system/src/newlib/_syscalls.o (__sinit)
c:/ciaa/ciaa_software_1.1-win/tools/arm-none-eabi-gcc/bin/../lib/gcc/arm-none-eabi/8.2.1/../../../../arm-none-eabi/lib/thumb/v7e-m/nofp\libg_nano.a(lib_a-fwalk.o)
                              c:/ciaa/ciaa_software_1.1-win/tools/arm-none-eabi-gcc/bin/../lib/gcc/arm-none-eabi/8.2.1/../../../../arm-none-eabi/lib/thumb/v7e-m/nofp\libg_nano.a(lib_a-findfp.o) (_fwalk)
c:/ciaa/ciaa_software_1.1-win/tools/arm-none-eabi-gcc/bin/../lib/gcc/arm-none-eabi/8.2.1/../../../../arm-none-eabi/lib/thumb/v7e-m/nofp\libg_nano.a(lib_a-impure.o)
                              c:/ciaa/ciaa_software_1.1-win/tools/arm-none-eabi-gcc/bin/../lib/gcc/arm-none-eabi/8.2.1/../../../../arm-none-eabi/lib/thumb/v7e-m/nofp\libg_nano.a(lib_a-findfp.o) (_global_impure_ptr)
c:/ciaa/ciaa_software_1.1-win/tools/arm-none-eabi-gcc/bin/../lib/gcc/arm-none-eabi/8.2.1/../../../../arm-none-eabi/lib/thumb/v7e-m/nofp\libg_nano.a(lib_a-lock.o)
                              c:/ciaa/ciaa_software_1.1-win/tools/arm-none-eabi-gcc/bin/../lib/gcc/arm-none-eabi/8.2.1/../../../../arm-none-eabi/lib/thumb/v7e-m/nofp\libg_nano.a(lib_a-findfp.o) (__retarget_lock_init_recursive)
c:/ciaa/ciaa_software_1.1-win/tools/arm-none-eabi-gcc/bin/../lib/gcc/arm-none-eabi/8.2.1/../../../../arm-none-eabi/lib/thumb/v7e-m/nofp\libg_nano.a(lib_a-memset.o)
                              ./system/src/newlib/_syscalls.o (memset)
c:/ciaa/ciaa_software_1.1-win/tools/arm-none-eabi-gcc/bin/../lib/gcc/arm-none-eabi/8.2.1/../../../../arm-none-eabi/lib/thumb/v7e-m/nofp\libg_nano.a(lib_a-nano-mallocr.o)
                              c:/ciaa/ciaa_software_1.1-win/tools/arm-none-eabi-gcc/bin/../lib/gcc/arm-none-eabi/8.2.1/../../../../arm-none-eabi/lib/thumb/v7e-m/nofp\libg_nano.a(lib_a-findfp.o) (_malloc_r)
c:/ciaa/ciaa_software_1.1-win/tools/arm-none-eabi-gcc/bin/../lib/gcc/arm-none-eabi/8.2.1/../../../../arm-none-eabi/lib/thumb/v7e-m/nofp\libg_nano.a(lib_a-sbrkr.o)
                              c:/ciaa/ciaa_software_1.1-win/tools/arm-none-eabi-gcc/bin/../lib/gcc/arm-none-eabi/8.2.1/../../../../arm-none-eabi/lib/thumb/v7e-m/nofp\libg_nano.a(lib_a-nano-mallocr.o) (_sbrk_r)
c:/ciaa/ciaa_software_1.1-win/tools/arm-none-eabi-gcc/bin/../lib/gcc/arm-none-eabi/8.2.1/../../../../arm-none-eabi/lib/thumb/v7e-m/nofp\libg_nano.a(lib_a-stdio.o)
                              c:/ciaa/ciaa_software_1.1-win/tools/arm-none-eabi-gcc/bin/../lib/gcc/arm-none-eabi/8.2.1/../../../../arm-none-eabi/lib/thumb/v7e-m/nofp\libg_nano.a(lib_a-findfp.o) (__sread)
c:/ciaa/ciaa_software_1.1-win/tools/arm-none-eabi-gcc/bin/../lib/gcc/arm-none-eabi/8.2.1/../../../../arm-none-eabi/lib/thumb/v7e-m/nofp\libg_nano.a(lib_a-strcmp.o)
                              ./system/src/cortexm/exception_handlers.o (strcmp)
c:/ciaa/ciaa_software_1.1-win/tools/arm-none-eabi-gcc/bin/../lib/gcc/arm-none-eabi/8.2.1/../../../../arm-none-eabi/lib/thumb/v7e-m/nofp\libg_nano.a(lib_a-strlen.o)
                              ./system/src/newlib/_syscalls.o (strlen)
c:/ciaa/ciaa_software_1.1-win/tools/arm-none-eabi-gcc/bin/../lib/gcc/arm-none-eabi/8.2.1/../../../../arm-none-eabi/lib/thumb/v7e-m/nofp\libg_nano.a(lib_a-strncpy.o)
                              ./system/src/newlib/_syscalls.o (strncpy)
c:/ciaa/ciaa_software_1.1-win/tools/arm-none-eabi-gcc/bin/../lib/gcc/arm-none-eabi/8.2.1/../../../../arm-none-eabi/lib/thumb/v7e-m/nofp\libg_nano.a(lib_a-vsnprintf.o)
                              ./system/src/diag/Trace.o (vsnprintf)
c:/ciaa/ciaa_software_1.1-win/tools/arm-none-eabi-gcc/bin/../lib/gcc/arm-none-eabi/8.2.1/../../../../arm-none-eabi/lib/thumb/v7e-m/nofp\libg_nano.a(lib_a-writer.o)
                              c:/ciaa/ciaa_software_1.1-win/tools/arm-none-eabi-gcc/bin/../lib/gcc/arm-none-eabi/8.2.1/../../../../arm-none-eabi/lib/thumb/v7e-m/nofp\libg_nano.a(lib_a-stdio.o) (_write_r)
c:/ciaa/ciaa_software_1.1-win/tools/arm-none-eabi-gcc/bin/../lib/gcc/arm-none-eabi/8.2.1/../../../../arm-none-eabi/lib/thumb/v7e-m/nofp\libg_nano.a(lib_a-closer.o)
                              c:/ciaa/ciaa_software_1.1-win/tools/arm-none-eabi-gcc/bin/../lib/gcc/arm-none-eabi/8.2.1/../../../../arm-none-eabi/lib/thumb/v7e-m/nofp\libg_nano.a(lib_a-stdio.o) (_close_r)
[...]
Memory Configuration

Name             Origin             Length             Attributes
RAM              0x20000000         0x00020000         xrw
CCMRAM           0x10000000         0x00010000         xrw
FLASH            0x08000000         0x00100000         xr
FLASHB1          0x00000000         0x00000000         xr
EXTMEMB0         0x00000000         0x00000000         xr
EXTMEMB1         0x00000000         0x00000000         xr
EXTMEMB2         0x00000000         0x00000000         xr
EXTMEMB3         0x00000000         0x00000000         xr
MEMORY_ARRAY     0x20002000         0x00000020         xrw
*default*        0x00000000         0xffffffff

Linker script and memory map

LOAD ./system/src/stm32f4-hal/stm32f4xx_hal.o
LOAD ./system/src/stm32f4-hal/stm32f4xx_hal_cortex.o
LOAD ./system/src/stm32f4-hal/stm32f4xx_hal_dfsdm.o
LOAD ./system/src/stm32f4-hal/stm32f4xx_hal_flash.o
LOAD ./system/src/stm32f4-hal/stm32f4xx_hal_gpio.o
LOAD ./system/src/stm32f4-hal/stm32f4xx_hal_iwdg.o
LOAD ./system/src/stm32f4-hal/stm32f4xx_hal_pwr.o
LOAD ./system/src/stm32f4-hal/stm32f4xx_hal_rcc.o
LOAD ./system/src/newlib/_cxx.o
LOAD ./system/src/newlib/_exit.o
LOAD ./system/src/newlib/_sbrk.o
LOAD ./system/src/newlib/_startup.o
LOAD ./system/src/newlib/_syscalls.o
LOAD ./system/src/newlib/assert.o
LOAD ./system/src/diag/Trace.o
LOAD ./system/src/diag/trace_impl.o
LOAD ./system/src/cortexm/_initialize_hardware.o
LOAD ./system/src/cortexm/_reset_hardware.o
LOAD ./system/src/cortexm/exception_handlers.o
LOAD ./system/src/cmsis/system_stm32f4xx.o
LOAD ./system/src/cmsis/vectors_stm32f407xx.o
LOAD ./src/BlinkLed.o
LOAD ./src/Timer.o
LOAD ./src/_initialize_hardware.o
LOAD ./src/_write.o
LOAD ./src/main.o
LOAD ./src/stm32f4xx_hal_msp.o
LOAD c:/ciaa/ciaa_software_1.1-win/tools/arm-none-eabi-gcc/bin/../lib/gcc/arm-none-eabi/8.2.1/../../../../arm-none-eabi/lib/thumb/v7e-m/nofp\libstdc++_nano.a
LOAD c:/ciaa/ciaa_software_1.1-win/tools/arm-none-eabi-gcc/bin/../lib/gcc/arm-none-eabi/8.2.1/../../../../arm-none-eabi/lib/thumb/v7e-m/nofp\libm.a
START GROUP
LOAD c:/ciaa/ciaa_software_1.1-win/tools/arm-none-eabi-gcc/bin/../lib/gcc/arm-none-eabi/8.2.1/thumb/v7e-m/nofp\libgcc.a
LOAD c:/ciaa/ciaa_software_1.1-win/tools/arm-none-eabi-gcc/bin/../lib/gcc/arm-none-eabi/8.2.1/../../../../arm-none-eabi/lib/thumb/v7e-m/nofp\libg_nano.a
LOAD c:/ciaa/ciaa_software_1.1-win/tools/arm-none-eabi-gcc/bin/../lib/gcc/arm-none-eabi/8.2.1/../../../../arm-none-eabi/lib/thumb/v7e-m/nofp\libc_nano.a
END GROUP
START GROUP
LOAD c:/ciaa/ciaa_software_1.1-win/tools/arm-none-eabi-gcc/bin/../lib/gcc/arm-none-eabi/8.2.1/thumb/v7e-m/nofp\libgcc.a
LOAD c:/ciaa/ciaa_software_1.1-win/tools/arm-none-eabi-gcc/bin/../lib/gcc/arm-none-eabi/8.2.1/../../../../arm-none-eabi/lib/thumb/v7e-m/nofp\libc_nano.a
END GROUP
                0x20020000                __stack = (ORIGIN (RAM) + LENGTH (RAM))
                0x20020000                _estack = __stack
                0x00000400                __Main_Stack_Size = 0x400
                [!provide]                PROVIDE (_Main_Stack_Size = __Main_Stack_Size)
                0x2001fc00                __Main_Stack_Limit = (__stack - __Main_Stack_Size)
                [!provide]                PROVIDE (_Main_Stack_Limit = __Main_Stack_Limit)
                0x00000100                _Minimum_Stack_Size = 0x100
                0x20000240                PROVIDE (_Heap_Begin = _end_noinit)
                0x2001fc00                PROVIDE (_Heap_Limit = (__stack - __Main_Stack_Size))

.isr_vector     0x08000000      0x3e8
 FILL mask 0xff
                0x08000000                __vectors_start = ABSOLUTE (.)
                0x08000000                __vectors_start__ = ABSOLUTE (.)
 *(.isr_vector)
 .isr_vector    0x08000000      0x188 ./system/src/cmsis/vectors_stm32f407xx.o
                0x08000000                __isr_vectors
 *(.cfmconfig)
 *(.after_vectors .after_vectors.*)
 .after_vectors
                0x08000188      0x130 ./system/src/newlib/_startup.o
                0x08000188                _start
 .after_vectors
                0x080002b8      0x12c ./system/src/cortexm/exception_handlers.o
                0x080002b8                Reset_Handler
                0x080002be                NMI_Handler
                0x080002c2                HardFault_Handler
                0x080002d6                HardFault_Handler_C
                0x08000334                MemManage_Handler
                0x08000338                BusFault_Handler
                0x0800034c                BusFault_Handler_C
                0x08000380                UsageFault_Handler
                0x08000394                UsageFault_Handler_C
                0x080003c8                SVC_Handler
                0x080003cc                DebugMon_Handler
                0x080003d0                PendSV_Handler
 .after_vectors
                0x080003e4        0x4 ./system/src/cmsis/vectors_stm32f407xx.o
                0x080003e4                RTC_Alarm_IRQHandler
                0x080003e4                HASH_RNG_IRQHandler
                0x080003e4                EXTI2_IRQHandler
                0x080003e4                TIM8_CC_IRQHandler
                0x080003e4                TIM1_CC_IRQHandler
                0x080003e4                DMA2_Stream5_IRQHandler
                0x080003e4                DMA1_Stream5_IRQHandler
                0x080003e4                PVD_IRQHandler
                0x080003e4                SDIO_IRQHandler
                0x080003e4                TAMP_STAMP_IRQHandler
                0x080003e4                CAN2_RX1_IRQHandler
                0x080003e4                EXTI3_IRQHandler
                0x080003e4                TIM8_TRG_COM_TIM14_IRQHandler
                0x080003e4                TIM1_UP_TIM10_IRQHandler
                0x080003e4                TIM8_UP_TIM13_IRQHandler
                0x080003e4                I2C3_ER_IRQHandler
                0x080003e4                EXTI0_IRQHandler
                0x080003e4                I2C2_EV_IRQHandler
                0x080003e4                DMA1_Stream2_IRQHandler
                0x080003e4                CAN1_RX0_IRQHandler
                0x080003e4                FPU_IRQHandler
                0x080003e4                OTG_HS_WKUP_IRQHandler
                0x080003e4                CAN2_SCE_IRQHandler
                0x080003e4                DMA2_Stream2_IRQHandler
                0x080003e4                SPI1_IRQHandler
                0x080003e4                TIM6_DAC_IRQHandler
                0x080003e4                TIM1_BRK_TIM9_IRQHandler
                0x080003e4                DCMI_IRQHandler
                0x080003e4                CAN2_RX0_IRQHandler
                0x080003e4                DMA2_Stream3_IRQHandler
                0x080003e4                USART6_IRQHandler
                0x080003e4                USART3_IRQHandler
                0x080003e4                CAN1_RX1_IRQHandler
                0x080003e4                UART5_IRQHandler
                0x080003e4                DMA2_Stream0_IRQHandler
                0x080003e4                TIM4_IRQHandler
                0x080003e4                I2C1_EV_IRQHandler
                0x080003e4                DMA1_Stream6_IRQHandler
                0x080003e4                DMA1_Stream1_IRQHandler
                0x080003e4                UART4_IRQHandler
                0x080003e4                TIM3_IRQHandler
                0x080003e4                RCC_IRQHandler
                0x080003e4                TIM8_BRK_TIM12_IRQHandler
                0x080003e4                Default_Handler
                0x080003e4                EXTI15_10_IRQHandler
                0x080003e4                ADC_IRQHandler
                0x080003e4                DMA1_Stream7_IRQHandler
                0x080003e4                TIM7_IRQHandler
                0x080003e4                CAN2_TX_IRQHandler
                0x080003e4                TIM5_IRQHandler
                0x080003e4                DMA2_Stream7_IRQHandler
                0x080003e4                I2C3_EV_IRQHandler
                0x080003e4                EXTI9_5_IRQHandler
                0x080003e4                RTC_WKUP_IRQHandler
                0x080003e4                ETH_WKUP_IRQHandler
                0x080003e4                SPI2_IRQHandler
                0x080003e4                OTG_HS_EP1_IN_IRQHandler
                0x080003e4                DMA1_Stream0_IRQHandler
                0x080003e4                CAN1_TX_IRQHandler
                0x080003e4                EXTI4_IRQHandler
                0x080003e4                ETH_IRQHandler
                0x080003e4                OTG_HS_EP1_OUT_IRQHandler
                0x080003e4                WWDG_IRQHandler
                0x080003e4                TIM2_IRQHandler
                0x080003e4                OTG_FS_WKUP_IRQHandler
                0x080003e4                TIM1_TRG_COM_TIM11_IRQHandler
                0x080003e4                OTG_HS_IRQHandler
                0x080003e4                EXTI1_IRQHandler
                0x080003e4                USART2_IRQHandler
                0x080003e4                I2C2_ER_IRQHandler
                0x080003e4                DMA2_Stream1_IRQHandler
                0x080003e4                CAN1_SCE_IRQHandler
                0x080003e4                FLASH_IRQHandler
                0x080003e4                DMA2_Stream4_IRQHandler
                0x080003e4                USART1_IRQHandler
                0x080003e4                OTG_FS_IRQHandler
                0x080003e4                SPI3_IRQHandler
                0x080003e4                DMA1_Stream4_IRQHandler
                0x080003e4                I2C1_ER_IRQHandler
                0x080003e4                FMC_IRQHandler
                0x080003e4                DMA2_Stream6_IRQHandler
                0x080003e4                DMA1_Stream3_IRQHandler

.inits          0x080003e8       0x28
                0x080003e8                __data_regions_array_start = .
                0x080003e8        0x4 LONG 0x8002504 LOADADDR (.data)
                0x080003ec        0x4 LONG 0x20000000 ADDR (.data)
                0x080003f0        0x4 LONG 0x20000070 (ADDR (.data) + SIZEOF (.data))
                0x080003f4        0x4 LONG 0x8002504 LOADADDR (.data_CCMRAM)
                0x080003f8        0x4 LONG 0x10000000 ADDR (.data_CCMRAM)
                0x080003fc        0x4 LONG 0x10000000 (ADDR (.data_CCMRAM) + SIZEOF (.data_CCMRAM))
                0x08000400                __data_regions_array_end = .
                0x08000400                __bss_regions_array_start = .
                0x08000400        0x4 LONG 0x20000070 ADDR (.bss)
                0x08000404        0x4 LONG 0x20000240 (ADDR (.bss) + SIZEOF (.bss))
                0x08000408        0x4 LONG 0x10000000 ADDR (.bss_CCMRAM)
                0x0800040c        0x4 LONG 0x10000000 (ADDR (.bss_CCMRAM) + SIZEOF (.bss_CCMRAM))
                0x08000410                __bss_regions_array_end = .
 *(.init)
 *(.fini)
                0x08000410                . = ALIGN (0x4)
                0x08000410                PROVIDE (__preinit_array_start = .)
 *(.preinit_array_sysinit .preinit_array_sysinit.*)
 *(.preinit_array_platform .preinit_array_platform.*)
 *(.preinit_array .preinit_array.*)
                0x08000410                PROVIDE (__preinit_array_end = .)
                0x08000410                . = ALIGN (0x4)
                0x08000410                PROVIDE (__init_array_start = .)
 *(SORT_BY_NAME(.init_array.*))
 *(.init_array)
                0x08000410                PROVIDE (__init_array_end = .)
                0x08000410                . = ALIGN (0x4)
                0x08000410                PROVIDE (__fini_array_start = .)
 *(SORT_BY_NAME(.fini_array.*))
 *(.fini_array)
                0x08000410                PROVIDE (__fini_array_end = .)

.flashtext
 *(.flashtext .flashtext.*)

.text           0x08000410     0x20f3
 *(.text .text.*)
 .text.HAL_InitTick
                0x08000410       0x2c ./system/src/stm32f4-hal/stm32f4xx_hal.o
                0x08000410                HAL_InitTick
 .text.HAL_Init
                0x0800043c       0x34 ./system/src/stm32f4-hal/stm32f4xx_hal.o
                0x0800043c                HAL_Init
 .text.HAL_IncTick
                0x08000470       0x10 ./system/src/stm32f4-hal/stm32f4xx_hal.o
                0x08000470                HAL_IncTick
 .text.HAL_GetTick
                0x08000480        0xc ./system/src/stm32f4-hal/stm32f4xx_hal.o
                0x08000480                HAL_GetTick
 .text.HAL_Delay
                0x0800048c       0x1c ./system/src/stm32f4-hal/stm32f4xx_hal.o
                0x0800048c                HAL_Delay
 .text.HAL_NVIC_SetPriorityGrouping
                0x080004a8       0x3c ./system/src/stm32f4-hal/stm32f4xx_hal_cortex.o
                0x080004a8                HAL_NVIC_SetPriorityGrouping
 .text.HAL_NVIC_SetPriority
                0x080004e4       0x8c ./system/src/stm32f4-hal/stm32f4xx_hal_cortex.o
                0x080004e4                HAL_NVIC_SetPriority
 .text.HAL_SYSTICK_Config
                0x08000570       0x2c ./system/src/stm32f4-hal/stm32f4xx_hal_cortex.o
                0x08000570                HAL_SYSTICK_Config
 .text.HAL_SYSTICK_CLKSourceConfig
                0x0800059c       0x3c ./system/src/stm32f4-hal/stm32f4xx_hal_cortex.o
                0x0800059c                HAL_SYSTICK_CLKSourceConfig
 .text.HAL_GPIO_Init
                0x080005d8      0x304 ./system/src/stm32f4-hal/stm32f4xx_hal_gpio.o
                0x080005d8                HAL_GPIO_Init
 .text.HAL_GPIO_ReadPin
                0x080008dc       0x28 ./system/src/stm32f4-hal/stm32f4xx_hal_gpio.o
                0x080008dc                HAL_GPIO_ReadPin
 .text.HAL_GPIO_TogglePin
                0x08000904       0x20 ./system/src/stm32f4-hal/stm32f4xx_hal_gpio.o
                0x08000904                HAL_GPIO_TogglePin
 .text.HAL_RCC_OscConfig
                0x08000924      0x43c ./system/src/stm32f4-hal/stm32f4xx_hal_rcc.o
                0x08000924                HAL_RCC_OscConfig
 .text.HAL_RCC_GetSysClockFreq
                0x08000d60       0x94 ./system/src/stm32f4-hal/stm32f4xx_hal_rcc.o
                0x08000d60                HAL_RCC_GetSysClockFreq
 .text.HAL_RCC_ClockConfig
                0x08000df4      0x258 ./system/src/stm32f4-hal/stm32f4xx_hal_rcc.o
                0x08000df4                HAL_RCC_ClockConfig
 .text.HAL_RCC_GetHCLKFreq
                0x0800104c        0xc ./system/src/stm32f4-hal/stm32f4xx_hal_rcc.o
                0x0800104c                HAL_RCC_GetHCLKFreq
 .text.abort    0x08001058       0x14 ./system/src/newlib/_exit.o
                0x08001058                abort
 .text._sbrk    0x0800106c       0x44 ./system/src/newlib/_sbrk.o
                0x0800106c                _sbrk
 .text._exit    0x080010b0       0x20 ./system/src/newlib/_syscalls.o
                0x080010b0                _exit
 .text.initialise_monitor_handles
                0x080010d0       0xa8 ./system/src/newlib/_syscalls.o
                0x080010d0                initialise_monitor_handles
 .text.__initialize_args
                0x08001178       0xbc ./system/src/newlib/_syscalls.o
                0x08001178                __initialize_args
 .text.assert_failed
                0x08001234       0x14 ./system/src/newlib/assert.o
                0x08001234                assert_failed
 .text.trace_printf
                0x08001248       0x34 ./system/src/diag/Trace.o
                0x08001248                trace_printf
 .text.trace_puts
                0x0800127c       0x20 ./system/src/diag/Trace.o
                0x0800127c                trace_puts
 .text._trace_write_semihosting_debug
                0x0800129c       0x60 ./system/src/diag/trace_impl.o
 .text.trace_write
                0x080012fc        0x8 ./system/src/diag/trace_impl.o
                0x080012fc                trace_write
 .text.__initialize_hardware_early
                0x08001304       0x18 ./system/src/cortexm/_initialize_hardware.o
                0x08001304                __initialize_hardware_early
 .text.dumpExceptionStack
                0x0800131c       0xf4 ./system/src/cortexm/exception_handlers.o
                0x0800131c                dumpExceptionStack
 .text.isSemihosting
                0x08001410      0x100 ./system/src/cortexm/exception_handlers.o
                0x08001410                isSemihosting
 .text.SystemInit
                0x08001510       0x40 ./system/src/cmsis/system_stm32f4xx.o
                0x08001510                SystemInit
 .text.SystemCoreClockUpdate
                0x08001550       0xa0 ./system/src/cmsis/system_stm32f4xx.o
                0x08001550                SystemCoreClockUpdate
 .text.timer_tick
                0x080015f0       0x14 ./src/Timer.o
                0x080015f0                timer_tick
 .text.SysTick_Handler
                0x08001604        0xc ./src/Timer.o
                0x08001604                SysTick_Handler
 .text.SystemClock_Config
                0x08001610       0x9c ./src/_initialize_hardware.o
                0x08001610                SystemClock_Config
 .text.__initialize_hardware
                0x080016ac       0x10 ./src/_initialize_hardware.o
                0x080016ac                __initialize_hardware
 .text.Init_GPIO_LEDS
                0x080016bc       0xa8 ./src/main.o
                0x080016bc                Init_GPIO_LEDS
 .text.main     0x08001764       0x84 ./src/main.o
                0x08001764                main
 .text.HAL_MspInit
                0x080017e8        0x2 ./src/stm32f4xx_hal_msp.o
                0x080017e8                HAL_MspInit
 *fill*         0x080017ea        0x2 
 .text.__errno  0x080017ec        0xc c:/ciaa/ciaa_software_1.1-win/tools/arm-none-eabi-gcc/bin/../lib/gcc/arm-none-eabi/8.2.1/../../../../arm-none-eabi/lib/thumb/v7e-m/nofp\libg_nano.a(lib_a-errno.o)
                0x080017ec                __errno
 .text.__retarget_lock_acquire_recursive
                0x080017f8        0x2 c:/ciaa/ciaa_software_1.1-win/tools/arm-none-eabi-gcc/bin/../lib/gcc/arm-none-eabi/8.2.1/../../../../arm-none-eabi/lib/thumb/v7e-m/nofp\libg_nano.a(lib_a-lock.o)
                0x080017f8                __retarget_lock_acquire_recursive
 .text.__retarget_lock_release_recursive
                0x080017fa        0x2 c:/ciaa/ciaa_software_1.1-win/tools/arm-none-eabi-gcc/bin/../lib/gcc/arm-none-eabi/8.2.1/../../../../arm-none-eabi/lib/thumb/v7e-m/nofp\libg_nano.a(lib_a-lock.o)
                0x080017fa                __retarget_lock_release_recursive
 .text._malloc_r
                0x080017fc       0xb4 c:/ciaa/ciaa_software_1.1-win/tools/arm-none-eabi-gcc/bin/../lib/gcc/arm-none-eabi/8.2.1/../../../../arm-none-eabi/lib/thumb/v7e-m/nofp\libg_nano.a(lib_a-nano-mallocr.o)
                0x080017fc                _malloc_r
 .text._sbrk_r  0x080018b0       0x20 c:/ciaa/ciaa_software_1.1-win/tools/arm-none-eabi-gcc/bin/../lib/gcc/arm-none-eabi/8.2.1/../../../../arm-none-eabi/lib/thumb/v7e-m/nofp\libg_nano.a(lib_a-sbrkr.o)
                0x080018b0                _sbrk_r
 .text          0x080018d0       0x14 c:/ciaa/ciaa_software_1.1-win/tools/arm-none-eabi-gcc/bin/../lib/gcc/arm-none-eabi/8.2.1/../../../../arm-none-eabi/lib/thumb/v7e-m/nofp\libg_nano.a(lib_a-strcmp.o)
                0x080018d0                strcmp
 .text          0x080018e4       0x10 c:/ciaa/ciaa_software_1.1-win/tools/arm-none-eabi-gcc/bin/../lib/gcc/arm-none-eabi/8.2.1/../../../../arm-none-eabi/lib/thumb/v7e-m/nofp\libg_nano.a(lib_a-strlen.o)
                0x080018e4                strlen
 .text._vsnprintf_r
                0x080018f4       0x58 c:/ciaa/ciaa_software_1.1-win/tools/arm-none-eabi-gcc/bin/../lib/gcc/arm-none-eabi/8.2.1/../../../../arm-none-eabi/lib/thumb/v7e-m/nofp\libg_nano.a(lib_a-vsnprintf.o)
                0x080018f4                _vsniprintf_r
                0x080018f4                _vsnprintf_r
 .text.vsnprintf
                0x0800194c       0x1c c:/ciaa/ciaa_software_1.1-win/tools/arm-none-eabi-gcc/bin/../lib/gcc/arm-none-eabi/8.2.1/../../../../arm-none-eabi/lib/thumb/v7e-m/nofp\libg_nano.a(lib_a-vsnprintf.o)
                0x0800194c                vsniprintf
                0x0800194c                vsnprintf
 .text.__malloc_lock
                0x08001968        0xc c:/ciaa/ciaa_software_1.1-win/tools/arm-none-eabi-gcc/bin/../lib/gcc/arm-none-eabi/8.2.1/../../../../arm-none-eabi/lib/thumb/v7e-m/nofp\libg_nano.a(lib_a-mlock.o)
                0x08001968                __malloc_lock
 .text.__malloc_unlock
                0x08001974        0xc c:/ciaa/ciaa_software_1.1-win/tools/arm-none-eabi-gcc/bin/../lib/gcc/arm-none-eabi/8.2.1/../../../../arm-none-eabi/lib/thumb/v7e-m/nofp\libg_nano.a(lib_a-mlock.o)
                0x08001974                __malloc_unlock
 .text._free_r  0x08001980       0x9c c:/ciaa/ciaa_software_1.1-win/tools/arm-none-eabi-gcc/bin/../lib/gcc/arm-none-eabi/8.2.1/../../../../arm-none-eabi/lib/thumb/v7e-m/nofp\libg_nano.a(lib_a-nano-freer.o)
                0x08001980                _free_r
 .text.__ssputs_r
                0x08001a1c       0xb6 c:/ciaa/ciaa_software_1.1-win/tools/arm-none-eabi-gcc/bin/../lib/gcc/arm-none-eabi/8.2.1/../../../../arm-none-eabi/lib/thumb/v7e-m/nofp\libg_nano.a(lib_a-nano-svfprintf.o)
                0x08001a1c                __ssputs_r
 *fill*         0x08001ad2        0x2 
 .text._svfprintf_r
                0x08001ad4      0x1f0 c:/ciaa/ciaa_software_1.1-win/tools/arm-none-eabi-gcc/bin/../lib/gcc/arm-none-eabi/8.2.1/../../../../arm-none-eabi/lib/thumb/v7e-m/nofp\libg_nano.a(lib_a-nano-svfprintf.o)
                0x08001ad4                _svfiprintf_r
                0x08001ad4                _svfprintf_r
 .text._printf_common
                0x08001cc4       0xea c:/ciaa/ciaa_software_1.1-win/tools/arm-none-eabi-gcc/bin/../lib/gcc/arm-none-eabi/8.2.1/../../../../arm-none-eabi/lib/thumb/v7e-m/nofp\libg_nano.a(lib_a-nano-vfprintf_i.o)
                0x08001cc4                _printf_common
 *fill*         0x08001dae        0x2 
 .text._printf_i
                0x08001db0      0x228 c:/ciaa/ciaa_software_1.1-win/tools/arm-none-eabi-gcc/bin/../lib/gcc/arm-none-eabi/8.2.1/../../../../arm-none-eabi/lib/thumb/v7e-m/nofp\libg_nano.a(lib_a-nano-vfprintf_i.o)
                0x08001db0                _printf_i
 *fill*         0x08001fd8        0x8 
 .text          0x08001fe0       0xa0 c:/ciaa/ciaa_software_1.1-win/tools/arm-none-eabi-gcc/bin/../lib/gcc/arm-none-eabi/8.2.1/../../../../arm-none-eabi/lib/thumb/v7e-m/nofp\libg_nano.a(lib_a-memchr.o)
                0x08001fe0                memchr
 .text.memcpy   0x08002080       0x1c c:/ciaa/ciaa_software_1.1-win/tools/arm-none-eabi-gcc/bin/../lib/gcc/arm-none-eabi/8.2.1/../../../../arm-none-eabi/lib/thumb/v7e-m/nofp\libg_nano.a(lib_a-memcpy-stub.o)
                0x08002080                memcpy
 .text.memmove  0x0800209c       0x34 c:/ciaa/ciaa_software_1.1-win/tools/arm-none-eabi-gcc/bin/../lib/gcc/arm-none-eabi/8.2.1/../../../../arm-none-eabi/lib/thumb/v7e-m/nofp\libg_nano.a(lib_a-memmove.o)
                0x0800209c                memmove
 .text._realloc_r
                0x080020d0       0x4c c:/ciaa/ciaa_software_1.1-win/tools/arm-none-eabi-gcc/bin/../lib/gcc/arm-none-eabi/8.2.1/../../../../arm-none-eabi/lib/thumb/v7e-m/nofp\libg_nano.a(lib_a-nano-reallocr.o)
                0x080020d0                _realloc_r
 .text._malloc_usable_size_r
                0x0800211c       0x10 c:/ciaa/ciaa_software_1.1-win/tools/arm-none-eabi-gcc/bin/../lib/gcc/arm-none-eabi/8.2.1/../../../../arm-none-eabi/lib/thumb/v7e-m/nofp\libg_nano.a(lib_a-nano-msizer.o)
                0x0800211c                _malloc_usable_size_r
 *(.rodata .rodata.* .constdata .constdata.*)
 .rodata.HAL_NVIC_SetPriorityGrouping.str1.4
                0x0800212c       0x31 ./system/src/stm32f4-hal/stm32f4xx_hal_cortex.o
 *fill*         0x0800215d        0x3 
 .rodata.HAL_GPIO_Init.str1.4
                0x08002160       0x2f ./system/src/stm32f4-hal/stm32f4xx_hal_gpio.o
 *fill*         0x0800218f        0x1 
 .rodata.APBAHBPrescTable
                0x08002190       0x10 ./system/src/stm32f4-hal/stm32f4xx_hal_rcc.o
                0x08002190                APBAHBPrescTable
 .rodata.HAL_RCC_OscConfig.str1.4
                0x080021a0       0x2e ./system/src/stm32f4-hal/stm32f4xx_hal_rcc.o
 *fill*         0x080021ce        0x2 
 .rodata.abort.str1.4
                0x080021d0       0x14 ./system/src/newlib/_exit.o
 .rodata.initialise_monitor_handles.str1.4
                0x080021e4        0x4 ./system/src/newlib/_syscalls.o
 .rodata.assert_failed.str1.4
                0x080021e8       0x2b ./system/src/newlib/assert.o
 .rodata.trace_puts.str1.4
                0x08002213       0x2b ./system/src/diag/Trace.o
                                  0x2 (size before relaxing)
 *fill*         0x08002213        0x1 
 .rodata.dumpExceptionStack.str1.4
                0x08002214      0x11a ./system/src/cortexm/exception_handlers.o
 .rodata.isSemihosting.str1.4
                0x0800232e        0x4 ./system/src/cortexm/exception_handlers.o
 *fill*         0x0800232e        0x2 
 .rodata.str1.4
                0x08002330       0x2c ./system/src/cortexm/exception_handlers.o
                                 0x2a (size before relaxing)
 .rodata.AHBPrescTable
                0x0800235c       0x10 ./system/src/cmsis/system_stm32f4xx.o
                0x0800235c                AHBPrescTable
 .rodata._ctype_
                0x0800236c      0x101 c:/ciaa/ciaa_software_1.1-win/tools/arm-none-eabi-gcc/bin/../lib/gcc/arm-none-eabi/8.2.1/../../../../arm-none-eabi/lib/thumb/v7e-m/nofp\libg_nano.a(lib_a-ctype_.o)
                0x0800236c                _ctype_
 *fill*         0x0800246d        0x3 
 .rodata.__sf_fake_stderr
                0x08002470       0x20 c:/ciaa/ciaa_software_1.1-win/tools/arm-none-eabi-gcc/bin/../lib/gcc/arm-none-eabi/8.2.1/../../../../arm-none-eabi/lib/thumb/v7e-m/nofp\libg_nano.a(lib_a-findfp.o)
                0x08002470                __sf_fake_stderr
 .rodata.__sf_fake_stdin
                0x08002490       0x20 c:/ciaa/ciaa_software_1.1-win/tools/arm-none-eabi-gcc/bin/../lib/gcc/arm-none-eabi/8.2.1/../../../../arm-none-eabi/lib/thumb/v7e-m/nofp\libg_nano.a(lib_a-findfp.o)
                0x08002490                __sf_fake_stdin
 .rodata.__sf_fake_stdout
                0x080024b0       0x20 c:/ciaa/ciaa_software_1.1-win/tools/arm-none-eabi-gcc/bin/../lib/gcc/arm-none-eabi/8.2.1/../../../../arm-none-eabi/lib/thumb/v7e-m/nofp\libg_nano.a(lib_a-findfp.o)
                0x080024b0                __sf_fake_stdout
 .rodata._svfprintf_r.str1.1
                0x080024d0       0x11 c:/ciaa/ciaa_software_1.1-win/tools/arm-none-eabi-gcc/bin/../lib/gcc/arm-none-eabi/8.2.1/../../../../arm-none-eabi/lib/thumb/v7e-m/nofp\libg_nano.a(lib_a-nano-svfprintf.o)
 .rodata._printf_i.str1.1
                0x080024e1       0x22 c:/ciaa/ciaa_software_1.1-win/tools/arm-none-eabi-gcc/bin/../lib/gcc/arm-none-eabi/8.2.1/../../../../arm-none-eabi/lib/thumb/v7e-m/nofp\libg_nano.a(lib_a-nano-vfprintf_i.o)
 *(vtable)
 *(.eh_frame*)
 *(.glue_7)
 .glue_7        0x08002503        0x0 linker stubs
 *(.glue_7t)
 .glue_7t       0x08002503        0x0 linker stubs

.vfp11_veneer   0x08002504        0x0
 .vfp11_veneer  0x08002504        0x0 linker stubs

.v4_bx          0x08002504        0x0
 .v4_bx         0x08002504        0x0 linker stubs

.iplt           0x08002504        0x0
 .iplt          0x08002504        0x0 ./system/src/stm32f4-hal/stm32f4xx_hal.o

.rel.dyn        0x08002504        0x0
 .rel.iplt      0x08002504        0x0 ./system/src/stm32f4-hal/stm32f4xx_hal.o

.ARM.extab
 *(.ARM.extab* .gnu.linkonce.armextab.*)
                0x08002504                . = ALIGN (0x4)
                0x08002504                __exidx_start = .

.ARM.exidx
 *(.ARM.exidx* .gnu.linkonce.armexidx.*)
                0x08002504                __exidx_end = .
                0x08002504                . = ALIGN (0x4)
                0x08002504                _etext = .
                0x08002504                __etext = .

.data_CCMRAM    0x10000000        0x0 load address 0x08002504
 FILL mask 0xff
 *(.data.CCMRAM .data.CCMRAM.*)
                0x10000000                . = ALIGN (0x4)
                0x08002504                _sidata = LOADADDR (.data)

.data           0x20000000       0x70 load address 0x08002504
 FILL mask 0xff
                0x20000000                _sdata = .
                0x20000000                __data_start__ = .
 *(.data_begin .data_begin.*)
 .data_begin    0x20000000        0x4 ./system/src/newlib/_startup.o
 *(.data .data.*)
 .data.SystemCoreClock
                0x20000004        0x4 ./system/src/cmsis/system_stm32f4xx.o
                0x20000004                SystemCoreClock
 .data._impure_ptr
                0x20000008        0x4 c:/ciaa/ciaa_software_1.1-win/tools/arm-none-eabi-gcc/bin/../lib/gcc/arm-none-eabi/8.2.1/../../../../arm-none-eabi/lib/thumb/v7e-m/nofp\libg_nano.a(lib_a-impure.o)
                0x20000008                _impure_ptr
 .data.impure_data
                0x2000000c       0x60 c:/ciaa/ciaa_software_1.1-win/tools/arm-none-eabi-gcc/bin/../lib/gcc/arm-none-eabi/8.2.1/../../../../arm-none-eabi/lib/thumb/v7e-m/nofp\libg_nano.a(lib_a-impure.o)
 *(.data_end .data_end.*)
 .data_end      0x2000006c        0x4 ./system/src/newlib/_startup.o
                0x20000070                . = ALIGN (0x4)
                0x20000070                _edata = .
                0x20000070                __data_end__ = .

.igot.plt       0x20000070        0x0 load address 0x08002574
 .igot.plt      0x20000070        0x0 ./system/src/stm32f4-hal/stm32f4xx_hal.o

.bss_CCMRAM     0x10000000        0x0
 *(.bss.CCMRAM .bss.CCMRAM.*)

.bss            0x20000070      0x1d0
                0x20000070                __bss_start__ = .
                0x20000070                _sbss = .
 *(.bss_begin .bss_begin.*)
 .bss_begin     0x20000070        0x4 ./system/src/newlib/_startup.o
 *(.bss .bss.*)
 .bss.current_heap_end.4534
                0x20000074        0x4 ./system/src/newlib/_sbrk.o
 .bss.args_buf.6482
                0x20000078       0x50 ./system/src/newlib/_syscalls.o
 .bss.argv_buf.6483
                0x200000c8       0x28 ./system/src/newlib/_syscalls.o
 .bss.monitor_stderr
                0x200000f0        0x4 ./system/src/newlib/_syscalls.o
 .bss.monitor_stdin
                0x200000f4        0x4 ./system/src/newlib/_syscalls.o
 .bss.monitor_stdout
                0x200000f8        0x4 ./system/src/newlib/_syscalls.o
 .bss.openfiles
                0x200000fc       0xa0 ./system/src/newlib/_syscalls.o
 .bss.buf.5778  0x2000019c       0x80 ./system/src/diag/Trace.o
 .bss.__malloc_free_list
                0x2000021c        0x4 c:/ciaa/ciaa_software_1.1-win/tools/arm-none-eabi-gcc/bin/../lib/gcc/arm-none-eabi/8.2.1/../../../../arm-none-eabi/lib/thumb/v7e-m/nofp\libg_nano.a(lib_a-nano-mallocr.o)
                0x2000021c                __malloc_free_list
 .bss.__malloc_sbrk_start
                0x20000220        0x4 c:/ciaa/ciaa_software_1.1-win/tools/arm-none-eabi-gcc/bin/../lib/gcc/arm-none-eabi/8.2.1/../../../../arm-none-eabi/lib/thumb/v7e-m/nofp\libg_nano.a(lib_a-nano-mallocr.o)
                0x20000220                __malloc_sbrk_start
 *(COMMON)
 COMMON         0x20000224        0x4 ./system/src/stm32f4-hal/stm32f4xx_hal.o
                0x20000224                uwTick
 COMMON         0x20000228        0x4 ./system/src/newlib/_syscalls.o
                0x20000228                errno
 COMMON         0x2000022c        0x4 ./src/Timer.o
                0x2000022c                timer_delayCount
 COMMON         0x20000230        0x9 c:/ciaa/ciaa_software_1.1-win/tools/arm-none-eabi-gcc/bin/../lib/gcc/arm-none-eabi/8.2.1/../../../../arm-none-eabi/lib/thumb/v7e-m/nofp\libg_nano.a(lib_a-lock.o)
                0x20000230                __lock___atexit_recursive_mutex
                0x20000231                __lock___arc4random_mutex
                0x20000232                __lock___env_recursive_mutex
                0x20000233                __lock___sinit_recursive_mutex
                0x20000234                __lock___malloc_recursive_mutex
                0x20000235                __lock___at_quick_exit_mutex
                0x20000236                __lock___dd_hash_mutex
                0x20000237                __lock___tz_mutex
                0x20000238                __lock___sfp_recursive_mutex
 *(.bss_end .bss_end.*)
 *fill*         0x20000239        0x3 
 .bss_end       0x2000023c        0x4 ./system/src/newlib/_startup.o
                0x20000240                . = ALIGN (0x4)
                0x20000240                __bss_end__ = .
                0x20000240                _ebss = .

.noinit_CCMRAM
 *(.noinit.CCMRAM .noinit.CCMRAM.*)

.noinit         0x20000240        0x0
                0x20000240                _noinit = .
 *(.noinit .noinit.*)
                0x20000240                . = ALIGN (0x4)
                0x20000240                _end_noinit = .
                [!provide]                PROVIDE (end = _end_noinit)
                [!provide]                PROVIDE (_end = _end_noinit)
                [!provide]                PROVIDE (__end = _end_noinit)
                [!provide]                PROVIDE (__end__ = _end_noinit)

._check_stack   0x20000240      0x100
                0x20000340                . = (. + _Minimum_Stack_Size)
 *fill*         0x20000240      0x100 

.b1text
 *(.b1text)
 *(.b1rodata)
 *(.b1rodata.*)

.eb0text
 *(.eb0text)
 *(.eb0rodata)
 *(.eb0rodata.*)

.eb1text
 *(.eb1text)
 *(.eb1rodata)
 *(.eb1rodata.*)

.eb2text
 *(.eb2text)
 *(.eb2rodata)
 *(.eb2rodata.*)

.eb3text
 *(.eb3text)
 *(.eb3rodata)
 *(.eb3rodata.*)

.stab
 *(.stab)

.stabstr
 *(.stabstr)

.stab.excl
 *(.stab.excl)

.stab.exclstr
 *(.stab.exclstr)

.stab.index
 *(.stab.index)

.stab.indexstr
 *(.stab.indexstr)

.comment        0x00000000       0x68
 *(.comment)
 .comment       0x00000000       0x68 ./system/src/stm32f4-hal/stm32f4xx_hal.o
                                 0x69 (size before relaxing)
 .comment       0x00000068       0x69 ./system/src/stm32f4-hal/stm32f4xx_hal_cortex.o
 .comment       0x00000068       0x69 ./system/src/stm32f4-hal/stm32f4xx_hal_gpio.o
 .comment       0x00000068       0x69 ./system/src/stm32f4-hal/stm32f4xx_hal_rcc.o
 .comment       0x00000068       0x69 ./system/src/newlib/_exit.o
 .comment       0x00000068       0x69 ./system/src/newlib/_sbrk.o
 .comment       0x00000068       0x69 ./system/src/newlib/_startup.o
 .comment       0x00000068       0x69 ./system/src/newlib/_syscalls.o
 .comment       0x00000068       0x69 ./system/src/newlib/assert.o
 .comment       0x00000068       0x69 ./system/src/diag/Trace.o
 .comment       0x00000068       0x69 ./system/src/diag/trace_impl.o
 .comment       0x00000068       0x69 ./system/src/cortexm/_initialize_hardware.o
 .comment       0x00000068       0x69 ./system/src/cortexm/exception_handlers.o
 .comment       0x00000068       0x69 ./system/src/cmsis/system_stm32f4xx.o
 .comment       0x00000068       0x69 ./system/src/cmsis/vectors_stm32f407xx.o
 .comment       0x00000068       0x69 ./src/Timer.o
 .comment       0x00000068       0x69 ./src/_initialize_hardware.o
 .comment       0x00000068       0x69 ./src/main.o
 .comment       0x00000068       0x69 ./src/stm32f4xx_hal_msp.o

.ARM.attributes
                0x00000000       0x2c
 .ARM.attributes
                0x00000000       0x2e ./system/src/stm32f4-hal/stm32f4xx_hal.o
 .ARM.attributes
                0x0000002e       0x2e ./system/src/stm32f4-hal/stm32f4xx_hal_cortex.o
 .ARM.attributes
                0x0000005c       0x2e ./system/src/stm32f4-hal/stm32f4xx_hal_gpio.o
 .ARM.attributes
                0x0000008a       0x2e ./system/src/stm32f4-hal/stm32f4xx_hal_rcc.o
 .ARM.attributes
                0x000000b8       0x2e ./system/src/newlib/_exit.o
 .ARM.attributes
                0x000000e6       0x2e ./system/src/newlib/_sbrk.o
 .ARM.attributes
                0x00000114       0x2e ./system/src/newlib/_startup.o
 .ARM.attributes
                0x00000142       0x2e ./system/src/newlib/_syscalls.o
 .ARM.attributes
                0x00000170       0x2e ./system/src/newlib/assert.o
 .ARM.attributes
                0x0000019e       0x2e ./system/src/diag/Trace.o
 .ARM.attributes
                0x000001cc       0x2e ./system/src/diag/trace_impl.o
 .ARM.attributes
                0x000001fa       0x2e ./system/src/cortexm/_initialize_hardware.o
 .ARM.attributes
                0x00000228       0x2e ./system/src/cortexm/exception_handlers.o
 .ARM.attributes
                0x00000256       0x2e ./system/src/cmsis/system_stm32f4xx.o
 .ARM.attributes
                0x00000284       0x2e ./system/src/cmsis/vectors_stm32f407xx.o
 .ARM.attributes
                0x000002b2       0x2e ./src/Timer.o
 .ARM.attributes
                0x000002e0       0x2e ./src/_initialize_hardware.o
 .ARM.attributes
                0x0000030e       0x2e ./src/main.o
 .ARM.attributes
                0x0000033c       0x2e ./src/stm32f4xx_hal_msp.o
 .ARM.attributes
                0x0000036a       0x2e c:/ciaa/ciaa_software_1.1-win/tools/arm-none-eabi-gcc/bin/../lib/gcc/arm-none-eabi/8.2.1/../../../../arm-none-eabi/lib/thumb/v7e-m/nofp\libg_nano.a(lib_a-ctype_.o)
 .ARM.attributes
                0x00000398       0x2e c:/ciaa/ciaa_software_1.1-win/tools/arm-none-eabi-gcc/bin/../lib/gcc/arm-none-eabi/8.2.1/../../../../arm-none-eabi/lib/thumb/v7e-m/nofp\libg_nano.a(lib_a-errno.o)
 .ARM.attributes
                0x000003c6       0x2e c:/ciaa/ciaa_software_1.1-win/tools/arm-none-eabi-gcc/bin/../lib/gcc/arm-none-eabi/8.2.1/../../../../arm-none-eabi/lib/thumb/v7e-m/nofp\libg_nano.a(lib_a-findfp.o)
 .ARM.attributes
                0x000003f4       0x2e c:/ciaa/ciaa_software_1.1-win/tools/arm-none-eabi-gcc/bin/../lib/gcc/arm-none-eabi/8.2.1/../../../../arm-none-eabi/lib/thumb/v7e-m/nofp\libg_nano.a(lib_a-impure.o)
 .ARM.attributes
                0x00000422       0x2e c:/ciaa/ciaa_software_1.1-win/tools/arm-none-eabi-gcc/bin/../lib/gcc/arm-none-eabi/8.2.1/../../../../arm-none-eabi/lib/thumb/v7e-m/nofp\libg_nano.a(lib_a-lock.o)
 .ARM.attributes
                0x00000450       0x2e c:/ciaa/ciaa_software_1.1-win/tools/arm-none-eabi-gcc/bin/../lib/gcc/arm-none-eabi/8.2.1/../../../../arm-none-eabi/lib/thumb/v7e-m/nofp\libg_nano.a(lib_a-nano-mallocr.o)
 .ARM.attributes
                0x0000047e       0x2e c:/ciaa/ciaa_software_1.1-win/tools/arm-none-eabi-gcc/bin/../lib/gcc/arm-none-eabi/8.2.1/../../../../arm-none-eabi/lib/thumb/v7e-m/nofp\libg_nano.a(lib_a-sbrkr.o)
 .ARM.attributes
                0x000004ac       0x1c c:/ciaa/ciaa_software_1.1-win/tools/arm-none-eabi-gcc/bin/../lib/gcc/arm-none-eabi/8.2.1/../../../../arm-none-eabi/lib/thumb/v7e-m/nofp\libg_nano.a(lib_a-strcmp.o)
 .ARM.attributes
                0x000004c8       0x17 c:/ciaa/ciaa_software_1.1-win/tools/arm-none-eabi-gcc/bin/../lib/gcc/arm-none-eabi/8.2.1/../../../../arm-none-eabi/lib/thumb/v7e-m/nofp\libg_nano.a(lib_a-strlen.o)
 .ARM.attributes
                0x000004df       0x2e c:/ciaa/ciaa_software_1.1-win/tools/arm-none-eabi-gcc/bin/../lib/gcc/arm-none-eabi/8.2.1/../../../../arm-none-eabi/lib/thumb/v7e-m/nofp\libg_nano.a(lib_a-vsnprintf.o)
 .ARM.attributes
                0x0000050d       0x2e c:/ciaa/ciaa_software_1.1-win/tools/arm-none-eabi-gcc/bin/../lib/gcc/arm-none-eabi/8.2.1/../../../../arm-none-eabi/lib/thumb/v7e-m/nofp\libg_nano.a(lib_a-mlock.o)
 .ARM.attributes
                0x0000053b       0x2e c:/ciaa/ciaa_software_1.1-win/tools/arm-none-eabi-gcc/bin/../lib/gcc/arm-none-eabi/8.2.1/../../../../arm-none-eabi/lib/thumb/v7e-m/nofp\libg_nano.a(lib_a-nano-freer.o)
 .ARM.attributes
                0x00000569       0x2e c:/ciaa/ciaa_software_1.1-win/tools/arm-none-eabi-gcc/bin/../lib/gcc/arm-none-eabi/8.2.1/../../../../arm-none-eabi/lib/thumb/v7e-m/nofp\libg_nano.a(lib_a-nano-svfprintf.o)
 .ARM.attributes
                0x00000597       0x2e c:/ciaa/ciaa_software_1.1-win/tools/arm-none-eabi-gcc/bin/../lib/gcc/arm-none-eabi/8.2.1/../../../../arm-none-eabi/lib/thumb/v7e-m/nofp\libg_nano.a(lib_a-nano-vfprintf_i.o)
 .ARM.attributes
                0x000005c5       0x1c c:/ciaa/ciaa_software_1.1-win/tools/arm-none-eabi-gcc/bin/../lib/gcc/arm-none-eabi/8.2.1/../../../../arm-none-eabi/lib/thumb/v7e-m/nofp\libg_nano.a(lib_a-memchr.o)
 .ARM.attributes
                0x000005e1       0x2e c:/ciaa/ciaa_software_1.1-win/tools/arm-none-eabi-gcc/bin/../lib/gcc/arm-none-eabi/8.2.1/../../../../arm-none-eabi/lib/thumb/v7e-m/nofp\libg_nano.a(lib_a-memcpy-stub.o)
 .ARM.attributes
                0x0000060f       0x2e c:/ciaa/ciaa_software_1.1-win/tools/arm-none-eabi-gcc/bin/../lib/gcc/arm-none-eabi/8.2.1/../../../../arm-none-eabi/lib/thumb/v7e-m/nofp\libg_nano.a(lib_a-memmove.o)
 .ARM.attributes
                0x0000063d       0x2e c:/ciaa/ciaa_software_1.1-win/tools/arm-none-eabi-gcc/bin/../lib/gcc/arm-none-eabi/8.2.1/../../../../arm-none-eabi/lib/thumb/v7e-m/nofp\libg_nano.a(lib_a-nano-reallocr.o)
 .ARM.attributes
                0x0000066b       0x2e c:/ciaa/ciaa_software_1.1-win/tools/arm-none-eabi-gcc/bin/../lib/gcc/arm-none-eabi/8.2.1/../../../../arm-none-eabi/lib/thumb/v7e-m/nofp\libg_nano.a(lib_a-nano-msizer.o)

.debug
 *(.debug)

.line
 *(.line)

.debug_srcinfo
 *(.debug_srcinfo)

.debug_sfnames
 *(.debug_sfnames)

.debug_aranges  0x00000000      0x638
 *(.debug_aranges)
 .debug_aranges
                0x00000000       0xc0 ./system/src/stm32f4-hal/stm32f4xx_hal.o
 .debug_aranges
                0x000000c0       0x98 ./system/src/stm32f4-hal/stm32f4xx_hal_cortex.o
 .debug_aranges
                0x00000158       0x58 ./system/src/stm32f4-hal/stm32f4xx_hal_gpio.o
 .debug_aranges
                0x000001b0       0x88 ./system/src/stm32f4-hal/stm32f4xx_hal_rcc.o
 .debug_aranges
                0x00000238       0x28 ./system/src/newlib/_exit.o
 .debug_aranges
                0x00000260       0x20 ./system/src/newlib/_sbrk.o
 .debug_aranges
                0x00000280       0x40 ./system/src/newlib/_startup.o
 .debug_aranges
                0x000002c0      0x120 ./system/src/newlib/_syscalls.o
 .debug_aranges
                0x000003e0       0x28 ./system/src/newlib/assert.o
 .debug_aranges
                0x00000408       0x38 ./system/src/diag/Trace.o
 .debug_aranges
                0x00000440       0x30 ./system/src/diag/trace_impl.o
 .debug_aranges
                0x00000470       0x28 ./system/src/cortexm/_initialize_hardware.o
 .debug_aranges
                0x00000498       0x90 ./system/src/cortexm/exception_handlers.o
 .debug_aranges
                0x00000528       0x28 ./system/src/cmsis/system_stm32f4xx.o
 .debug_aranges
                0x00000550       0x20 ./system/src/cmsis/vectors_stm32f407xx.o
 .debug_aranges
                0x00000570       0x38 ./src/Timer.o
 .debug_aranges
                0x000005a8       0x28 ./src/_initialize_hardware.o
 .debug_aranges
                0x000005d0       0x30 ./src/main.o
 .debug_aranges
                0x00000600       0x38 ./src/stm32f4xx_hal_msp.o

.debug_pubnames
 *(.debug_pubnames)

.debug_info     0x00000000    0x11f2d
 *(.debug_info .gnu.linkonce.wi.*)
 .debug_info    0x00000000     0x1214 ./system/src/stm32f4-hal/stm32f4xx_hal.o
 .debug_info    0x00001214     0x1b6b ./system/src/stm32f4-hal/stm32f4xx_hal_cortex.o
 .debug_info    0x00002d7f     0x1209 ./system/src/stm32f4-hal/stm32f4xx_hal_gpio.o
 .debug_info    0x00003f88     0x19db ./system/src/stm32f4-hal/stm32f4xx_hal_rcc.o
 .debug_info    0x00005963      0x9e7 ./system/src/newlib/_exit.o
 .debug_info    0x0000634a      0x9d4 ./system/src/newlib/_sbrk.o
 .debug_info    0x00006d1e      0x59d ./system/src/newlib/_startup.o
 .debug_info    0x000072bb     0x2469 ./system/src/newlib/_syscalls.o
 .debug_info    0x00009724      0xac2 ./system/src/newlib/assert.o
 .debug_info    0x0000a1e6      0xbdb ./system/src/diag/Trace.o
 .debug_info    0x0000adc1      0xc5e ./system/src/diag/trace_impl.o
 .debug_info    0x0000ba1f      0xba3 ./system/src/cortexm/_initialize_hardware.o
 .debug_info    0x0000c5c2     0x138e ./system/src/cortexm/exception_handlers.o
 .debug_info    0x0000d950      0xdd1 ./system/src/cmsis/system_stm32f4xx.o
 .debug_info    0x0000e721       0xce ./system/src/cmsis/vectors_stm32f407xx.o
 .debug_info    0x0000e7ef     0x103d ./src/Timer.o
 .debug_info    0x0000f82c      0xdfa ./src/_initialize_hardware.o
 .debug_info    0x00010626      0xf58 ./src/main.o
 .debug_info    0x0001157e      0x9af ./src/stm32f4xx_hal_msp.o

.debug_abbrev   0x00000000     0x34cd
 *(.debug_abbrev)
 .debug_abbrev  0x00000000      0x384 ./system/src/stm32f4-hal/stm32f4xx_hal.o
 .debug_abbrev  0x00000384      0x479 ./system/src/stm32f4-hal/stm32f4xx_hal_cortex.o
 .debug_abbrev  0x000007fd      0x32f ./system/src/stm32f4-hal/stm32f4xx_hal_gpio.o
 .debug_abbrev  0x00000b2c      0x404 ./system/src/stm32f4-hal/stm32f4xx_hal_rcc.o
 .debug_abbrev  0x00000f30      0x222 ./system/src/newlib/_exit.o
 .debug_abbrev  0x00001152      0x232 ./system/src/newlib/_sbrk.o
 .debug_abbrev  0x00001384      0x203 ./system/src/newlib/_startup.o
 .debug_abbrev  0x00001587      0x499 ./system/src/newlib/_syscalls.o
 .debug_abbrev  0x00001a20      0x222 ./system/src/newlib/assert.o
 .debug_abbrev  0x00001c42      0x2c6 ./system/src/diag/Trace.o
 .debug_abbrev  0x00001f08      0x34e ./system/src/diag/trace_impl.o
 .debug_abbrev  0x00002256      0x20a ./system/src/cortexm/_initialize_hardware.o
 .debug_abbrev  0x00002460      0x3b1 ./system/src/cortexm/exception_handlers.o
 .debug_abbrev  0x00002811      0x250 ./system/src/cmsis/system_stm32f4xx.o
 .debug_abbrev  0x00002a61       0xa5 ./system/src/cmsis/vectors_stm32f407xx.o
 .debug_abbrev  0x00002b06      0x301 ./src/Timer.o
 .debug_abbrev  0x00002e07      0x25d ./src/_initialize_hardware.o
 .debug_abbrev  0x00003064      0x290 ./src/main.o
 .debug_abbrev  0x000032f4      0x1d9 ./src/stm32f4xx_hal_msp.o

.debug_line     0x00000000     0xc7ce
 *(.debug_line)
 .debug_line    0x00000000      0xcdc ./system/src/stm32f4-hal/stm32f4xx_hal.o
 .debug_line    0x00000cdc     0x1012 ./system/src/stm32f4-hal/stm32f4xx_hal_cortex.o
 .debug_line    0x00001cee     0x10aa ./system/src/stm32f4-hal/stm32f4xx_hal_gpio.o
 .debug_line    0x00002d98     0x158f ./system/src/stm32f4-hal/stm32f4xx_hal_rcc.o
 .debug_line    0x00004327      0x362 ./system/src/newlib/_exit.o
 .debug_line    0x00004689      0x353 ./system/src/newlib/_sbrk.o
 .debug_line    0x000049dc      0x5d5 ./system/src/newlib/_startup.o
 .debug_line    0x00004fb1     0x10fd ./system/src/newlib/_syscalls.o
 .debug_line    0x000060ae      0x3ae ./system/src/newlib/assert.o
 .debug_line    0x0000645c      0x43e ./system/src/diag/Trace.o
 .debug_line    0x0000689a      0xb92 ./system/src/diag/trace_impl.o
 .debug_line    0x0000742c      0xa8e ./system/src/cortexm/_initialize_hardware.o
 .debug_line    0x00007eba      0xeb4 ./system/src/cortexm/exception_handlers.o
 .debug_line    0x00008d6e      0xb51 ./system/src/cmsis/system_stm32f4xx.o
 .debug_line    0x000098bf      0x24d ./system/src/cmsis/vectors_stm32f407xx.o
 .debug_line    0x00009b0c      0xb4d ./src/Timer.o
 .debug_line    0x0000a659      0xaed ./src/_initialize_hardware.o
 .debug_line    0x0000b146      0xc09 ./src/main.o
 .debug_line    0x0000bd4f      0xa7f ./src/stm32f4xx_hal_msp.o

.debug_frame    0x00000000     0x1358
 *(.debug_frame)
 .debug_frame   0x00000000      0x188 ./system/src/stm32f4-hal/stm32f4xx_hal.o
 .debug_frame   0x00000188      0x17c ./system/src/stm32f4-hal/stm32f4xx_hal_cortex.o
 .debug_frame   0x00000304       0xfc ./system/src/stm32f4-hal/stm32f4xx_hal_gpio.o
 .debug_frame   0x00000400      0x13c ./system/src/stm32f4-hal/stm32f4xx_hal_rcc.o
 .debug_frame   0x0000053c       0x38 ./system/src/newlib/_exit.o
 .debug_frame   0x00000574       0x28 ./system/src/newlib/_sbrk.o
 .debug_frame   0x0000059c       0x7c ./system/src/newlib/_startup.o
 .debug_frame   0x00000618      0x3d4 ./system/src/newlib/_syscalls.o
 .debug_frame   0x000009ec       0x40 ./system/src/newlib/assert.o
 .debug_frame   0x00000a2c       0x94 ./system/src/diag/Trace.o
 .debug_frame   0x00000ac0       0x64 ./system/src/diag/trace_impl.o
 .debug_frame   0x00000b24       0x40 ./system/src/cortexm/_initialize_hardware.o
 .debug_frame   0x00000b64      0x164 ./system/src/cortexm/exception_handlers.o
 .debug_frame   0x00000cc8       0x30 ./system/src/cmsis/system_stm32f4xx.o
 .debug_frame   0x00000cf8       0x20 ./system/src/cmsis/vectors_stm32f407xx.o
 .debug_frame   0x00000d18       0x58 ./src/Timer.o
 .debug_frame   0x00000d70       0x48 ./src/_initialize_hardware.o
 .debug_frame   0x00000db8       0x68 ./src/main.o
 .debug_frame   0x00000e20       0x50 ./src/stm32f4xx_hal_msp.o
 .debug_frame   0x00000e70       0x20 c:/ciaa/ciaa_software_1.1-win/tools/arm-none-eabi-gcc/bin/../lib/gcc/arm-none-eabi/8.2.1/../../../../arm-none-eabi/lib/thumb/v7e-m/nofp\libg_nano.a(lib_a-errno.o)
 .debug_frame   0x00000e90      0x14c c:/ciaa/ciaa_software_1.1-win/tools/arm-none-eabi-gcc/bin/../lib/gcc/arm-none-eabi/8.2.1/../../../../arm-none-eabi/lib/thumb/v7e-m/nofp\libg_nano.a(lib_a-findfp.o)
 .debug_frame   0x00000fdc       0xb0 c:/ciaa/ciaa_software_1.1-win/tools/arm-none-eabi-gcc/bin/../lib/gcc/arm-none-eabi/8.2.1/../../../../arm-none-eabi/lib/thumb/v7e-m/nofp\libg_nano.a(lib_a-lock.o)
 .debug_frame   0x0000108c       0x30 c:/ciaa/ciaa_software_1.1-win/tools/arm-none-eabi-gcc/bin/../lib/gcc/arm-none-eabi/8.2.1/../../../../arm-none-eabi/lib/thumb/v7e-m/nofp\libg_nano.a(lib_a-nano-mallocr.o)
 .debug_frame   0x000010bc       0x2c c:/ciaa/ciaa_software_1.1-win/tools/arm-none-eabi-gcc/bin/../lib/gcc/arm-none-eabi/8.2.1/../../../../arm-none-eabi/lib/thumb/v7e-m/nofp\libg_nano.a(lib_a-sbrkr.o)
 .debug_frame   0x000010e8       0x20 c:/ciaa/ciaa_software_1.1-win/tools/arm-none-eabi-gcc/bin/../lib/gcc/arm-none-eabi/8.2.1/../../../../arm-none-eabi/lib/thumb/v7e-m/nofp\libg_nano.a(lib_a-strcmp.o)
 .debug_frame   0x00001108       0x4c c:/ciaa/ciaa_software_1.1-win/tools/arm-none-eabi-gcc/bin/../lib/gcc/arm-none-eabi/8.2.1/../../../../arm-none-eabi/lib/thumb/v7e-m/nofp\libg_nano.a(lib_a-vsnprintf.o)
 .debug_frame   0x00001154       0x30 c:/ciaa/ciaa_software_1.1-win/tools/arm-none-eabi-gcc/bin/../lib/gcc/arm-none-eabi/8.2.1/../../../../arm-none-eabi/lib/thumb/v7e-m/nofp\libg_nano.a(lib_a-mlock.o)
 .debug_frame   0x00001184       0x38 c:/ciaa/ciaa_software_1.1-win/tools/arm-none-eabi-gcc/bin/../lib/gcc/arm-none-eabi/8.2.1/../../../../arm-none-eabi/lib/thumb/v7e-m/nofp\libg_nano.a(lib_a-nano-freer.o)
 .debug_frame   0x000011bc       0x90 c:/ciaa/ciaa_software_1.1-win/tools/arm-none-eabi-gcc/bin/../lib/gcc/arm-none-eabi/8.2.1/../../../../arm-none-eabi/lib/thumb/v7e-m/nofp\libg_nano.a(lib_a-nano-svfprintf.o)
 .debug_frame   0x0000124c       0x60 c:/ciaa/ciaa_software_1.1-win/tools/arm-none-eabi-gcc/bin/../lib/gcc/arm-none-eabi/8.2.1/../../../../arm-none-eabi/lib/thumb/v7e-m/nofp\libg_nano.a(lib_a-nano-vfprintf_i.o)
 .debug_frame   0x000012ac       0x28 c:/ciaa/ciaa_software_1.1-win/tools/arm-none-eabi-gcc/bin/../lib/gcc/arm-none-eabi/8.2.1/../../../../arm-none-eabi/lib/thumb/v7e-m/nofp\libg_nano.a(lib_a-memcpy-stub.o)
 .debug_frame   0x000012d4       0x28 c:/ciaa/ciaa_software_1.1-win/tools/arm-none-eabi-gcc/bin/../lib/gcc/arm-none-eabi/8.2.1/../../../../arm-none-eabi/lib/thumb/v7e-m/nofp\libg_nano.a(lib_a-memmove.o)
 .debug_frame   0x000012fc       0x3c c:/ciaa/ciaa_software_1.1-win/tools/arm-none-eabi-gcc/bin/../lib/gcc/arm-none-eabi/8.2.1/../../../../arm-none-eabi/lib/thumb/v7e-m/nofp\libg_nano.a(lib_a-nano-reallocr.o)
 .debug_frame   0x00001338       0x20 c:/ciaa/ciaa_software_1.1-win/tools/arm-none-eabi-gcc/bin/../lib/gcc/arm-none-eabi/8.2.1/../../../../arm-none-eabi/lib/thumb/v7e-m/nofp\libg_nano.a(lib_a-nano-msizer.o)

.debug_str      0x00000000    0x9c5bf
 *(.debug_str)
 .debug_str     0x00000000    0x97bfc ./system/src/stm32f4-hal/stm32f4xx_hal.o
                              0x9800d (size before relaxing)
 .debug_str     0x00097bfc      0x39a ./system/src/stm32f4-hal/stm32f4xx_hal_cortex.o
                              0x97e9e (size before relaxing)
 .debug_str     0x00097f96      0x2dd ./system/src/stm32f4-hal/stm32f4xx_hal_gpio.o
                              0x978af (size before relaxing)
 .debug_str     0x00098273      0x393 ./system/src/stm32f4-hal/stm32f4xx_hal_rcc.o
                              0x97a3d (size before relaxing)
 .debug_str     0x00098606     0x10fa ./system/src/newlib/_exit.o
                               0x7ec4 (size before relaxing)
 .debug_str     0x00099700      0x4f5 ./system/src/newlib/_sbrk.o
                               0x7276 (size before relaxing)
 .debug_str     0x00099bf5      0x2c6 ./system/src/newlib/_startup.o
                               0x69be (size before relaxing)
 .debug_str     0x00099ebb     0x2052 ./system/src/newlib/_syscalls.o
                               0xb3e4 (size before relaxing)
 .debug_str     0x0009bf0d       0xd0 ./system/src/newlib/assert.o
                               0x897a (size before relaxing)
 .debug_str     0x0009bfdd      0x156 ./system/src/diag/Trace.o
                               0x863c (size before relaxing)
 .debug_str     0x0009c133       0xa2 ./system/src/diag/trace_impl.o
                              0x987b7 (size before relaxing)
 .debug_str     0x0009c1d5       0x5e ./system/src/cortexm/_initialize_hardware.o
                              0x97553 (size before relaxing)
 .debug_str     0x0009c233      0x1dc ./system/src/cortexm/exception_handlers.o
                              0x989b2 (size before relaxing)
 .debug_str     0x0009c40f       0x46 ./system/src/cmsis/system_stm32f4xx.o
                              0x97622 (size before relaxing)
 .debug_str     0x0009c455       0x59 ./system/src/cmsis/vectors_stm32f407xx.o
                               0x3d91 (size before relaxing)
 .debug_str     0x0009c4ae       0x76 ./src/Timer.o
                              0x97b42 (size before relaxing)
 .debug_str     0x0009c524       0x31 ./src/_initialize_hardware.o
                              0x97738 (size before relaxing)
 .debug_str     0x0009c555       0x2d ./src/main.o
                              0x98775 (size before relaxing)
 .debug_str     0x0009c582       0x3d ./src/stm32f4xx_hal_msp.o
                              0x97491 (size before relaxing)

.debug_loc      0x00000000     0x3ce4
 *(.debug_loc)
 .debug_loc     0x00000000       0xdb ./system/src/stm32f4-hal/stm32f4xx_hal.o
 .debug_loc     0x000000db      0x8cf ./system/src/stm32f4-hal/stm32f4xx_hal_cortex.o
 .debug_loc     0x000009aa      0x683 ./system/src/stm32f4-hal/stm32f4xx_hal_gpio.o
 .debug_loc     0x0000102d      0x7a1 ./system/src/stm32f4-hal/stm32f4xx_hal_rcc.o
 .debug_loc     0x000017ce       0x15 ./system/src/newlib/_exit.o
 .debug_loc     0x000017e3       0x97 ./system/src/newlib/_sbrk.o
 .debug_loc     0x0000187a      0x465 ./system/src/newlib/_startup.o
 .debug_loc     0x00001cdf     0x148c ./system/src/newlib/_syscalls.o
 .debug_loc     0x0000316b      0x160 ./system/src/newlib/assert.o
 .debug_loc     0x000032cb      0x118 ./system/src/diag/Trace.o
 .debug_loc     0x000033e3      0x1a1 ./system/src/diag/trace_impl.o
 .debug_loc     0x00003584      0x524 ./system/src/cortexm/exception_handlers.o
 .debug_loc     0x00003aa8      0x16c ./system/src/cmsis/system_stm32f4xx.o
 .debug_loc     0x00003c14       0x63 ./src/Timer.o
 .debug_loc     0x00003c77       0x6d ./src/main.o

.debug_macinfo
 *(.debug_macinfo)

.debug_weaknames
 *(.debug_weaknames)

.debug_funcnames
 *(.debug_funcnames)

.debug_typenames
 *(.debug_typenames)

.debug_varnames
 *(.debug_varnames)
OUTPUT(pruebados.elf elf32-littlearm)

.debug_ranges   0x00000000      0x5e0
 .debug_ranges  0x00000000       0xb0 ./system/src/stm32f4-hal/stm32f4xx_hal.o
 .debug_ranges  0x000000b0       0xe8 ./system/src/stm32f4-hal/stm32f4xx_hal_cortex.o
 .debug_ranges  0x00000198       0x48 ./system/src/stm32f4-hal/stm32f4xx_hal_gpio.o
 .debug_ranges  0x000001e0       0x78 ./system/src/stm32f4-hal/stm32f4xx_hal_rcc.o
 .debug_ranges  0x00000258       0x18 ./system/src/newlib/_exit.o
 .debug_ranges  0x00000270       0x10 ./system/src/newlib/_sbrk.o
 .debug_ranges  0x00000280       0x78 ./system/src/newlib/_startup.o
 .debug_ranges  0x000002f8      0x128 ./system/src/newlib/_syscalls.o
 .debug_ranges  0x00000420       0x18 ./system/src/newlib/assert.o
 .debug_ranges  0x00000438       0x28 ./system/src/diag/Trace.o
 .debug_ranges  0x00000460       0x38 ./system/src/diag/trace_impl.o
 .debug_ranges  0x00000498       0x18 ./system/src/cortexm/_initialize_hardware.o
 .debug_ranges  0x000004b0       0x80 ./system/src/cortexm/exception_handlers.o
 .debug_ranges  0x00000530       0x18 ./system/src/cmsis/system_stm32f4xx.o
 .debug_ranges  0x00000548       0x10 ./system/src/cmsis/vectors_stm32f407xx.o
 .debug_ranges  0x00000558       0x28 ./src/Timer.o
 .debug_ranges  0x00000580       0x18 ./src/_initialize_hardware.o
 .debug_ranges  0x00000598       0x20 ./src/main.o
 .debug_ranges  0x000005b8       0x28 ./src/stm32f4xx_hal_msp.o

.debug_macro    0x00000000    0x1cb9f
 .debug_macro   0x00000000      0x56d ./system/src/stm32f4-hal/stm32f4xx_hal.o
 .debug_macro   0x0000056d      0xaa8 ./system/src/stm32f4-hal/stm32f4xx_hal.o
 .debug_macro   0x00001015      0x289 ./system/src/stm32f4-hal/stm32f4xx_hal.o
 .debug_macro   0x0000129e       0x31 ./system/src/stm32f4-hal/stm32f4xx_hal.o
 .debug_macro   0x000012cf       0x28 ./system/src/stm32f4-hal/stm32f4xx_hal.o
 .debug_macro   0x000012f7       0x22 ./system/src/stm32f4-hal/stm32f4xx_hal.o
 .debug_macro   0x00001319       0x8e ./system/src/stm32f4-hal/stm32f4xx_hal.o
 .debug_macro   0x000013a7       0x51 ./system/src/stm32f4-hal/stm32f4xx_hal.o
 .debug_macro   0x000013f8       0xef ./system/src/stm32f4-hal/stm32f4xx_hal.o
 .debug_macro   0x000014e7       0x6a ./system/src/stm32f4-hal/stm32f4xx_hal.o
 .debug_macro   0x00001551      0x1df ./system/src/stm32f4-hal/stm32f4xx_hal.o
 .debug_macro   0x00001730       0x35 ./system/src/stm32f4-hal/stm32f4xx_hal.o
 .debug_macro   0x00001765       0x50 ./system/src/stm32f4-hal/stm32f4xx_hal.o
 .debug_macro   0x000017b5      0xe66 ./system/src/stm32f4-hal/stm32f4xx_hal.o
 .debug_macro   0x0000261b     0x93f9 ./system/src/stm32f4-hal/stm32f4xx_hal.o
 .debug_macro   0x0000ba14       0x43 ./system/src/stm32f4-hal/stm32f4xx_hal.o
 .debug_macro   0x0000ba57     0x347f ./system/src/stm32f4-hal/stm32f4xx_hal.o
 .debug_macro   0x0000eed6       0x64 ./system/src/stm32f4-hal/stm32f4xx_hal.o
 .debug_macro   0x0000ef3a       0x18 ./system/src/stm32f4-hal/stm32f4xx_hal.o
 .debug_macro   0x0000ef52       0x35 ./system/src/stm32f4-hal/stm32f4xx_hal.o
 .debug_macro   0x0000ef87       0x34 ./system/src/stm32f4-hal/stm32f4xx_hal.o
 .debug_macro   0x0000efbb       0x16 ./system/src/stm32f4-hal/stm32f4xx_hal.o
 .debug_macro   0x0000efd1       0x97 ./system/src/stm32f4-hal/stm32f4xx_hal.o
 .debug_macro   0x0000f068      0x339 ./system/src/stm32f4-hal/stm32f4xx_hal.o
 .debug_macro   0x0000f3a1       0xfd ./system/src/stm32f4-hal/stm32f4xx_hal.o
 .debug_macro   0x0000f49e       0x10 ./system/src/stm32f4-hal/stm32f4xx_hal.o
 .debug_macro   0x0000f4ae       0x58 ./system/src/stm32f4-hal/stm32f4xx_hal.o
 .debug_macro   0x0000f506       0x1f ./system/src/stm32f4-hal/stm32f4xx_hal.o
 .debug_macro   0x0000f525       0x43 ./system/src/stm32f4-hal/stm32f4xx_hal.o
 .debug_macro   0x0000f568       0x20 ./system/src/stm32f4-hal/stm32f4xx_hal.o
 .debug_macro   0x0000f588      0x18e ./system/src/stm32f4-hal/stm32f4xx_hal.o
 .debug_macro   0x0000f716       0x10 ./system/src/stm32f4-hal/stm32f4xx_hal.o
 .debug_macro   0x0000f726       0x1c ./system/src/stm32f4-hal/stm32f4xx_hal.o
 .debug_macro   0x0000f742       0x52 ./system/src/stm32f4-hal/stm32f4xx_hal.o
 .debug_macro   0x0000f794       0x40 ./system/src/stm32f4-hal/stm32f4xx_hal.o
 .debug_macro   0x0000f7d4       0x10 ./system/src/stm32f4-hal/stm32f4xx_hal.o
 .debug_macro   0x0000f7e4       0x40 ./system/src/stm32f4-hal/stm32f4xx_hal.o
 .debug_macro   0x0000f824       0xd7 ./system/src/stm32f4-hal/stm32f4xx_hal.o
 .debug_macro   0x0000f8fb       0x1c ./system/src/stm32f4-hal/stm32f4xx_hal.o
 .debug_macro   0x0000f917       0x3d ./system/src/stm32f4-hal/stm32f4xx_hal.o
 .debug_macro   0x0000f954       0x16 ./system/src/stm32f4-hal/stm32f4xx_hal.o
 .debug_macro   0x0000f96a      0x16f ./system/src/stm32f4-hal/stm32f4xx_hal.o
 .debug_macro   0x0000fad9       0x57 ./system/src/stm32f4-hal/stm32f4xx_hal.o
 .debug_macro   0x0000fb30      0x964 ./system/src/stm32f4-hal/stm32f4xx_hal.o
 .debug_macro   0x00010494      0x9e1 ./system/src/stm32f4-hal/stm32f4xx_hal.o
 .debug_macro   0x00010e75      0x11e ./system/src/stm32f4-hal/stm32f4xx_hal.o
 .debug_macro   0x00010f93      0x13e ./system/src/stm32f4-hal/stm32f4xx_hal.o
 .debug_macro   0x000110d1       0x27 ./system/src/stm32f4-hal/stm32f4xx_hal.o
 .debug_macro   0x000110f8      0x287 ./system/src/stm32f4-hal/stm32f4xx_hal.o
 .debug_macro   0x0001137f       0x5f ./system/src/stm32f4-hal/stm32f4xx_hal.o
 .debug_macro   0x000113de      0x23a ./system/src/stm32f4-hal/stm32f4xx_hal.o
 .debug_macro   0x00011618      0x391 ./system/src/stm32f4-hal/stm32f4xx_hal.o
 .debug_macro   0x000119a9      0x16f ./system/src/stm32f4-hal/stm32f4xx_hal.o
 .debug_macro   0x00011b18       0xf9 ./system/src/stm32f4-hal/stm32f4xx_hal.o
 .debug_macro   0x00011c11      0x36e ./system/src/stm32f4-hal/stm32f4xx_hal.o
 .debug_macro   0x00011f7f       0x23 ./system/src/stm32f4-hal/stm32f4xx_hal.o
 .debug_macro   0x00011fa2       0xe6 ./system/src/stm32f4-hal/stm32f4xx_hal.o
 .debug_macro   0x00012088       0xa1 ./system/src/stm32f4-hal/stm32f4xx_hal.o
 .debug_macro   0x00012129       0x3c ./system/src/stm32f4-hal/stm32f4xx_hal.o
 .debug_macro   0x00012165       0x1f ./system/src/stm32f4-hal/stm32f4xx_hal.o
 .debug_macro   0x00012184      0x1cd ./system/src/stm32f4-hal/stm32f4xx_hal.o
 .debug_macro   0x00012351      0xcd6 ./system/src/stm32f4-hal/stm32f4xx_hal.o
 .debug_macro   0x00013027      0x13a ./system/src/stm32f4-hal/stm32f4xx_hal.o
 .debug_macro   0x00013161      0x21e ./system/src/stm32f4-hal/stm32f4xx_hal.o
 .debug_macro   0x0001337f       0x2e ./system/src/stm32f4-hal/stm32f4xx_hal.o
 .debug_macro   0x000133ad      0x543 ./system/src/stm32f4-hal/stm32f4xx_hal.o
 .debug_macro   0x000138f0       0x88 ./system/src/stm32f4-hal/stm32f4xx_hal.o
 .debug_macro   0x00013978       0xd5 ./system/src/stm32f4-hal/stm32f4xx_hal.o
 .debug_macro   0x00013a4d      0x183 ./system/src/stm32f4-hal/stm32f4xx_hal.o
 .debug_macro   0x00013bd0      0x1a7 ./system/src/stm32f4-hal/stm32f4xx_hal.o
 .debug_macro   0x00013d77       0xa5 ./system/src/stm32f4-hal/stm32f4xx_hal.o
 .debug_macro   0x00013e1c      0x18b ./system/src/stm32f4-hal/stm32f4xx_hal.o
 .debug_macro   0x00013fa7       0x24 ./system/src/stm32f4-hal/stm32f4xx_hal.o
 .debug_macro   0x00013fcb       0x35 ./system/src/stm32f4-hal/stm32f4xx_hal.o
 .debug_macro   0x00014000       0x79 ./system/src/stm32f4-hal/stm32f4xx_hal.o
 .debug_macro   0x00014079      0x11e ./system/src/stm32f4-hal/stm32f4xx_hal.o
 .debug_macro   0x00014197       0x7f ./system/src/stm32f4-hal/stm32f4xx_hal.o
 .debug_macro   0x00014216       0x89 ./system/src/stm32f4-hal/stm32f4xx_hal.o
 .debug_macro   0x0001429f       0x7e ./system/src/stm32f4-hal/stm32f4xx_hal.o
 .debug_macro   0x0001431d      0x31a ./system/src/stm32f4-hal/stm32f4xx_hal.o
 .debug_macro   0x00014637      0x409 ./system/src/stm32f4-hal/stm32f4xx_hal.o
 .debug_macro   0x00014a40       0xe4 ./system/src/stm32f4-hal/stm32f4xx_hal.o
 .debug_macro   0x00014b24      0x48d ./system/src/stm32f4-hal/stm32f4xx_hal.o
 .debug_macro   0x00014fb1      0x22b ./system/src/stm32f4-hal/stm32f4xx_hal.o
 .debug_macro   0x000151dc      0x202 ./system/src/stm32f4-hal/stm32f4xx_hal.o
 .debug_macro   0x000153de      0x6d9 ./system/src/stm32f4-hal/stm32f4xx_hal.o
 .debug_macro   0x00015ab7       0x5b ./system/src/stm32f4-hal/stm32f4xx_hal.o
 .debug_macro   0x00015b12      0x14d ./system/src/stm32f4-hal/stm32f4xx_hal.o
 .debug_macro   0x00015c5f      0x287 ./system/src/stm32f4-hal/stm32f4xx_hal.o
 .debug_macro   0x00015ee6      0x225 ./system/src/stm32f4-hal/stm32f4xx_hal.o
 .debug_macro   0x0001610b      0x1b5 ./system/src/stm32f4-hal/stm32f4xx_hal.o
 .debug_macro   0x000162c0      0x2db ./system/src/stm32f4-hal/stm32f4xx_hal.o
 .debug_macro   0x0001659b       0x89 ./system/src/stm32f4-hal/stm32f4xx_hal.o
 .debug_macro   0x00016624      0x1df ./system/src/stm32f4-hal/stm32f4xx_hal.o
 .debug_macro   0x00016803      0x115 ./system/src/stm32f4-hal/stm32f4xx_hal.o
 .debug_macro   0x00016918       0x6e ./system/src/stm32f4-hal/stm32f4xx_hal.o
 .debug_macro   0x00016986      0x125 ./system/src/stm32f4-hal/stm32f4xx_hal.o
 .debug_macro   0x00016aab      0x51f ./system/src/stm32f4-hal/stm32f4xx_hal_cortex.o
 .debug_macro   0x00016fca      0x557 ./system/src/stm32f4-hal/stm32f4xx_hal_gpio.o
 .debug_macro   0x00017521      0x549 ./system/src/stm32f4-hal/stm32f4xx_hal_rcc.o
 .debug_macro   0x00017a6a      0x1b4 ./system/src/newlib/_exit.o
 .debug_macro   0x00017c1e      0x10e ./system/src/newlib/_exit.o
 .debug_macro   0x00017d2c       0x8d ./system/src/newlib/_exit.o
 .debug_macro   0x00017db9       0x35 ./system/src/newlib/_exit.o
 .debug_macro   0x00017dee      0x169 ./system/src/newlib/_sbrk.o
 .debug_macro   0x00017f57      0x174 ./system/src/newlib/_sbrk.o
 .debug_macro   0x000180cb       0x10 ./system/src/newlib/_sbrk.o
 .debug_macro   0x000180db      0x23b ./system/src/newlib/_sbrk.o
 .debug_macro   0x00018316      0x188 ./system/src/newlib/_startup.o
 .debug_macro   0x0001849e      0xaae ./system/src/newlib/_startup.o
 .debug_macro   0x00018f4c      0x2e3 ./system/src/newlib/_syscalls.o
 .debug_macro   0x0001922f       0x10 ./system/src/newlib/_syscalls.o
 .debug_macro   0x0001923f       0x10 ./system/src/newlib/_syscalls.o
 .debug_macro   0x0001924f       0x10 ./system/src/newlib/_syscalls.o
 .debug_macro   0x0001925f       0x35 ./system/src/newlib/_syscalls.o
 .debug_macro   0x00019294      0x122 ./system/src/newlib/_syscalls.o
 .debug_macro   0x000193b6      0x22a ./system/src/newlib/_syscalls.o
 .debug_macro   0x000195e0       0x10 ./system/src/newlib/_syscalls.o
 .debug_macro   0x000195f0       0x1c ./system/src/newlib/_syscalls.o
 .debug_macro   0x0001960c       0x10 ./system/src/newlib/_syscalls.o
 .debug_macro   0x0001961c       0x16 ./system/src/newlib/_syscalls.o
 .debug_macro   0x00019632       0x88 ./system/src/newlib/_syscalls.o
 .debug_macro   0x000196ba      0x241 ./system/src/newlib/_syscalls.o
 .debug_macro   0x000198fb       0x16 ./system/src/newlib/_syscalls.o
 .debug_macro   0x00019911       0x3a ./system/src/newlib/_syscalls.o
 .debug_macro   0x0001994b      0x11f ./system/src/newlib/_syscalls.o
 .debug_macro   0x00019a6a      0x189 ./system/src/newlib/_syscalls.o
 .debug_macro   0x00019bf3       0x16 ./system/src/newlib/_syscalls.o
 .debug_macro   0x00019c09       0x22 ./system/src/newlib/_syscalls.o
 .debug_macro   0x00019c2b      0x1df ./system/src/newlib/assert.o
 .debug_macro   0x00019e0a       0x1c ./system/src/newlib/assert.o
 .debug_macro   0x00019e26      0x1fb ./system/src/diag/Trace.o
 .debug_macro   0x0001a021       0x4c ./system/src/diag/Trace.o
 .debug_macro   0x0001a06d      0x565 ./system/src/diag/trace_impl.o
 .debug_macro   0x0001a5d2      0x529 ./system/src/cortexm/_initialize_hardware.o
 .debug_macro   0x0001aafb      0x5a7 ./system/src/cortexm/exception_handlers.o
 .debug_macro   0x0001b0a2       0x3b ./system/src/cortexm/exception_handlers.o
 .debug_macro   0x0001b0dd      0x525 ./system/src/cmsis/system_stm32f4xx.o
 .debug_macro   0x0001b602       0x73 ./system/src/cmsis/vectors_stm32f407xx.o
 .debug_macro   0x0001b675      0x542 ./src/Timer.o
 .debug_macro   0x0001bbb7       0x10 ./src/Timer.o
 .debug_macro   0x0001bbc7      0x51f ./src/_initialize_hardware.o
 .debug_macro   0x0001c0e6      0x59a ./src/main.o
 .debug_macro   0x0001c680      0x51f ./src/stm32f4xx_hal_msp.o
